mode: set
github.com/nikolaarden2000/software-design-project/backend/rooms/model.go:101.40,102.16 1 1
github.com/nikolaarden2000/software-design-project/backend/rooms/model.go:103.83,104.14 1 1
github.com/nikolaarden2000/software-design-project/backend/rooms/model.go:105.10,106.15 1 1
github.com/nikolaarden2000/software-design-project/backend/rooms/repository.go:245.46,247.2 1 1
github.com/nikolaarden2000/software-design-project/backend/rooms/repository.go:249.111,250.16 1 1
github.com/nikolaarden2000/software-design-project/backend/rooms/repository.go:250.16,252.3 1 1
github.com/nikolaarden2000/software-design-project/backend/rooms/repository.go:253.2,253.16 1 1
github.com/nikolaarden2000/software-design-project/backend/rooms/repository.go:253.16,255.3 1 1
github.com/nikolaarden2000/software-design-project/backend/rooms/repository.go:257.2,257.65 1 1
github.com/nikolaarden2000/software-design-project/backend/rooms/repository.go:257.65,259.3 1 0
github.com/nikolaarden2000/software-design-project/backend/rooms/repository.go:261.2,262.16 2 1
github.com/nikolaarden2000/software-design-project/backend/rooms/repository.go:262.16,264.3 1 0
github.com/nikolaarden2000/software-design-project/backend/rooms/repository.go:265.2,268.18 3 1
github.com/nikolaarden2000/software-design-project/backend/rooms/repository.go:268.18,279.17 3 1
github.com/nikolaarden2000/software-design-project/backend/rooms/repository.go:279.17,281.4 1 0
github.com/nikolaarden2000/software-design-project/backend/rooms/repository.go:282.3,282.32 1 1
github.com/nikolaarden2000/software-design-project/backend/rooms/repository.go:285.2,285.35 1 1
github.com/nikolaarden2000/software-design-project/backend/rooms/repository.go:285.35,287.3 1 0
github.com/nikolaarden2000/software-design-project/backend/rooms/repository.go:289.2,289.20 1 1
github.com/nikolaarden2000/software-design-project/backend/rooms/repository.go:292.93,294.16 2 1
github.com/nikolaarden2000/software-design-project/backend/rooms/repository.go:294.16,296.3 1 1
github.com/nikolaarden2000/software-design-project/backend/rooms/repository.go:297.2,300.18 3 1
github.com/nikolaarden2000/software-design-project/backend/rooms/repository.go:300.18,302.42 2 1
github.com/nikolaarden2000/software-design-project/backend/rooms/repository.go:302.42,304.4 1 0
github.com/nikolaarden2000/software-design-project/backend/rooms/repository.go:305.3,305.38 1 1
github.com/nikolaarden2000/software-design-project/backend/rooms/repository.go:308.2,308.35 1 1
github.com/nikolaarden2000/software-design-project/backend/rooms/repository.go:308.35,310.3 1 0
github.com/nikolaarden2000/software-design-project/backend/rooms/repository.go:312.2,312.23 1 1
github.com/nikolaarden2000/software-design-project/backend/rooms/repository.go:315.94,316.17 1 1
github.com/nikolaarden2000/software-design-project/backend/rooms/repository.go:316.17,318.3 1 1
github.com/nikolaarden2000/software-design-project/backend/rooms/repository.go:320.2,320.65 1 1
github.com/nikolaarden2000/software-design-project/backend/rooms/repository.go:320.65,322.3 1 0
github.com/nikolaarden2000/software-design-project/backend/rooms/repository.go:324.2,341.16 4 1
github.com/nikolaarden2000/software-design-project/backend/rooms/repository.go:341.16,342.36 1 1
github.com/nikolaarden2000/software-design-project/backend/rooms/repository.go:342.36,344.4 1 1
github.com/nikolaarden2000/software-design-project/backend/rooms/repository.go:345.3,345.56 1 0
github.com/nikolaarden2000/software-design-project/backend/rooms/repository.go:348.2,353.16 5 1
github.com/nikolaarden2000/software-design-project/backend/rooms/repository.go:356.150,357.33 1 1
github.com/nikolaarden2000/software-design-project/backend/rooms/repository.go:357.33,359.3 1 0
github.com/nikolaarden2000/software-design-project/backend/rooms/repository.go:361.2,361.65 1 1
github.com/nikolaarden2000/software-design-project/backend/rooms/repository.go:361.65,363.3 1 0
github.com/nikolaarden2000/software-design-project/backend/rooms/repository.go:365.2,365.46 1 1
github.com/nikolaarden2000/software-design-project/backend/rooms/repository.go:365.46,367.3 1 1
github.com/nikolaarden2000/software-design-project/backend/rooms/repository.go:369.2,369.23 1 1
github.com/nikolaarden2000/software-design-project/backend/rooms/repository.go:369.23,370.86 1 0
github.com/nikolaarden2000/software-design-project/backend/rooms/repository.go:370.86,372.4 1 0
github.com/nikolaarden2000/software-design-project/backend/rooms/repository.go:375.2,376.23 2 1
github.com/nikolaarden2000/software-design-project/backend/rooms/repository.go:376.23,378.3 1 0
github.com/nikolaarden2000/software-design-project/backend/rooms/repository.go:380.2,381.19 2 1
github.com/nikolaarden2000/software-design-project/backend/rooms/repository.go:381.19,383.3 1 1
github.com/nikolaarden2000/software-design-project/backend/rooms/repository.go:385.2,386.16 2 1
github.com/nikolaarden2000/software-design-project/backend/rooms/repository.go:386.16,388.3 1 0
github.com/nikolaarden2000/software-design-project/backend/rooms/repository.go:389.2,393.18 3 1
github.com/nikolaarden2000/software-design-project/backend/rooms/repository.go:393.18,395.17 2 1
github.com/nikolaarden2000/software-design-project/backend/rooms/repository.go:395.17,397.4 1 0
github.com/nikolaarden2000/software-design-project/backend/rooms/repository.go:399.3,399.32 1 1
github.com/nikolaarden2000/software-design-project/backend/rooms/repository.go:402.2,402.35 1 1
github.com/nikolaarden2000/software-design-project/backend/rooms/repository.go:402.35,404.3 1 0
github.com/nikolaarden2000/software-design-project/backend/rooms/repository.go:406.2,406.20 1 1
github.com/nikolaarden2000/software-design-project/backend/rooms/repository.go:409.125,410.17 1 1
github.com/nikolaarden2000/software-design-project/backend/rooms/repository.go:410.17,412.3 1 0
github.com/nikolaarden2000/software-design-project/backend/rooms/repository.go:414.2,414.65 1 1
github.com/nikolaarden2000/software-design-project/backend/rooms/repository.go:414.65,416.3 1 0
github.com/nikolaarden2000/software-design-project/backend/rooms/repository.go:418.2,418.76 1 1
github.com/nikolaarden2000/software-design-project/backend/rooms/repository.go:418.76,420.3 1 0
github.com/nikolaarden2000/software-design-project/backend/rooms/repository.go:422.2,444.16 7 1
github.com/nikolaarden2000/software-design-project/backend/rooms/repository.go:444.16,445.36 1 0
github.com/nikolaarden2000/software-design-project/backend/rooms/repository.go:445.36,447.4 1 0
github.com/nikolaarden2000/software-design-project/backend/rooms/repository.go:448.3,448.18 1 0
github.com/nikolaarden2000/software-design-project/backend/rooms/repository.go:451.2,458.31 6 1
github.com/nikolaarden2000/software-design-project/backend/rooms/repository.go:458.31,461.3 2 1
github.com/nikolaarden2000/software-design-project/backend/rooms/repository.go:463.2,463.19 1 1
github.com/nikolaarden2000/software-design-project/backend/rooms/repository.go:466.141,467.20 1 1
github.com/nikolaarden2000/software-design-project/backend/rooms/repository.go:467.20,469.3 1 1
github.com/nikolaarden2000/software-design-project/backend/rooms/repository.go:471.2,472.16 2 1
github.com/nikolaarden2000/software-design-project/backend/rooms/repository.go:472.16,474.3 1 0
github.com/nikolaarden2000/software-design-project/backend/rooms/repository.go:476.2,476.97 1 1
github.com/nikolaarden2000/software-design-project/backend/rooms/repository.go:476.97,478.3 1 0
github.com/nikolaarden2000/software-design-project/backend/rooms/repository.go:480.2,495.16 3 1
github.com/nikolaarden2000/software-design-project/backend/rooms/repository.go:495.16,497.3 1 0
github.com/nikolaarden2000/software-design-project/backend/rooms/repository.go:499.2,499.19 1 1
github.com/nikolaarden2000/software-design-project/backend/rooms/repository.go:502.129,503.17 1 1
github.com/nikolaarden2000/software-design-project/backend/rooms/repository.go:503.17,505.3 1 0
github.com/nikolaarden2000/software-design-project/backend/rooms/repository.go:507.2,508.16 2 1
github.com/nikolaarden2000/software-design-project/backend/rooms/repository.go:508.16,510.3 1 0
github.com/nikolaarden2000/software-design-project/backend/rooms/repository.go:512.2,512.76 1 1
github.com/nikolaarden2000/software-design-project/backend/rooms/repository.go:512.76,514.3 1 0
github.com/nikolaarden2000/software-design-project/backend/rooms/repository.go:516.2,528.16 2 1
github.com/nikolaarden2000/software-design-project/backend/rooms/repository.go:528.16,530.3 1 0
github.com/nikolaarden2000/software-design-project/backend/rooms/repository.go:532.2,532.29 1 1
github.com/nikolaarden2000/software-design-project/backend/rooms/repository.go:532.29,534.3 1 1
github.com/nikolaarden2000/software-design-project/backend/rooms/repository.go:536.2,536.12 1 1
github.com/nikolaarden2000/software-design-project/backend/rooms/repository.go:539.107,540.17 1 1
github.com/nikolaarden2000/software-design-project/backend/rooms/repository.go:540.17,542.3 1 0
github.com/nikolaarden2000/software-design-project/backend/rooms/repository.go:544.2,544.76 1 1
github.com/nikolaarden2000/software-design-project/backend/rooms/repository.go:544.76,546.3 1 0
github.com/nikolaarden2000/software-design-project/backend/rooms/repository.go:548.2,549.16 2 1
github.com/nikolaarden2000/software-design-project/backend/rooms/repository.go:549.16,551.3 1 0
github.com/nikolaarden2000/software-design-project/backend/rooms/repository.go:553.2,553.29 1 1
github.com/nikolaarden2000/software-design-project/backend/rooms/repository.go:553.29,555.3 1 1
github.com/nikolaarden2000/software-design-project/backend/rooms/repository.go:557.2,557.12 1 1
github.com/nikolaarden2000/software-design-project/backend/rooms/repository.go:567.36,568.17 1 1
github.com/nikolaarden2000/software-design-project/backend/rooms/repository.go:568.17,570.3 1 1
github.com/nikolaarden2000/software-design-project/backend/rooms/repository.go:572.2,574.16 2 1
github.com/nikolaarden2000/software-design-project/backend/rooms/repository.go:574.16,576.3 1 1
github.com/nikolaarden2000/software-design-project/backend/rooms/repository.go:578.2,578.66 1 1
github.com/nikolaarden2000/software-design-project/backend/rooms/repository.go:578.66,580.3 1 1
github.com/nikolaarden2000/software-design-project/backend/rooms/repository.go:582.2,582.76 1 1
github.com/nikolaarden2000/software-design-project/backend/rooms/repository.go:582.76,584.3 1 0
github.com/nikolaarden2000/software-design-project/backend/rooms/repository.go:586.2,587.16 2 1
github.com/nikolaarden2000/software-design-project/backend/rooms/repository.go:587.16,589.3 1 0
github.com/nikolaarden2000/software-design-project/backend/rooms/repository.go:591.2,593.34 2 1
github.com/nikolaarden2000/software-design-project/backend/rooms/repository.go:593.34,594.32 1 1
github.com/nikolaarden2000/software-design-project/backend/rooms/repository.go:594.32,596.4 1 1
github.com/nikolaarden2000/software-design-project/backend/rooms/repository.go:598.3,598.63 1 1
github.com/nikolaarden2000/software-design-project/backend/rooms/repository.go:598.63,600.4 1 0
github.com/nikolaarden2000/software-design-project/backend/rooms/repository.go:602.3,605.9 1 1
github.com/nikolaarden2000/software-design-project/backend/rooms/repository.go:608.2,608.32 1 1
github.com/nikolaarden2000/software-design-project/backend/rooms/repository.go:608.32,609.63 1 1
github.com/nikolaarden2000/software-design-project/backend/rooms/repository.go:609.63,611.4 1 0
github.com/nikolaarden2000/software-design-project/backend/rooms/repository.go:613.3,616.9 1 1
github.com/nikolaarden2000/software-design-project/backend/rooms/repository.go:619.2,620.16 2 1
github.com/nikolaarden2000/software-design-project/backend/rooms/repository.go:620.16,622.3 1 0
github.com/nikolaarden2000/software-design-project/backend/rooms/repository.go:624.2,624.29 1 1
github.com/nikolaarden2000/software-design-project/backend/rooms/repository.go:624.29,626.3 1 0
github.com/nikolaarden2000/software-design-project/backend/rooms/repository.go:628.2,635.8 2 1
github.com/nikolaarden2000/software-design-project/backend/rooms/repository.go:638.119,641.115 2 1
github.com/nikolaarden2000/software-design-project/backend/rooms/repository.go:641.115,643.3 1 0
github.com/nikolaarden2000/software-design-project/backend/rooms/repository.go:645.2,645.27 1 1
github.com/nikolaarden2000/software-design-project/backend/rooms/repository.go:645.27,647.3 1 1
github.com/nikolaarden2000/software-design-project/backend/rooms/repository.go:649.2,650.21 2 1
github.com/nikolaarden2000/software-design-project/backend/rooms/repository.go:653.84,655.16 2 1
github.com/nikolaarden2000/software-design-project/backend/rooms/repository.go:655.16,657.3 1 0
github.com/nikolaarden2000/software-design-project/backend/rooms/repository.go:659.2,659.29 1 1
github.com/nikolaarden2000/software-design-project/backend/rooms/repository.go:659.29,661.3 1 0
github.com/nikolaarden2000/software-design-project/backend/rooms/repository.go:663.2,663.12 1 1
github.com/nikolaarden2000/software-design-project/backend/rooms/repository.go:666.86,669.2 2 1
github.com/nikolaarden2000/software-design-project/backend/rooms/repository.go:671.111,672.21 1 1
github.com/nikolaarden2000/software-design-project/backend/rooms/repository.go:672.21,674.3 1 1
github.com/nikolaarden2000/software-design-project/backend/rooms/repository.go:676.2,701.16 4 1
github.com/nikolaarden2000/software-design-project/backend/rooms/repository.go:701.16,703.3 1 0
github.com/nikolaarden2000/software-design-project/backend/rooms/repository.go:705.2,705.13 1 1
github.com/nikolaarden2000/software-design-project/backend/rooms/repository.go:705.13,707.3 1 1
github.com/nikolaarden2000/software-design-project/backend/rooms/repository.go:709.2,709.17 1 1
github.com/nikolaarden2000/software-design-project/backend/rooms/repository.go:709.17,711.3 1 1
github.com/nikolaarden2000/software-design-project/backend/rooms/repository.go:713.2,713.12 1 1
github.com/nikolaarden2000/software-design-project/backend/rooms/repository.go:716.103,717.17 1 1
github.com/nikolaarden2000/software-design-project/backend/rooms/repository.go:717.17,719.3 1 1
github.com/nikolaarden2000/software-design-project/backend/rooms/repository.go:721.2,746.16 4 1
github.com/nikolaarden2000/software-design-project/backend/rooms/repository.go:746.16,748.3 1 0
github.com/nikolaarden2000/software-design-project/backend/rooms/repository.go:750.2,750.13 1 1
github.com/nikolaarden2000/software-design-project/backend/rooms/repository.go:750.13,752.3 1 1
github.com/nikolaarden2000/software-design-project/backend/rooms/repository.go:754.2,754.17 1 1
github.com/nikolaarden2000/software-design-project/backend/rooms/repository.go:754.17,756.3 1 1
github.com/nikolaarden2000/software-design-project/backend/rooms/repository.go:758.2,758.12 1 1
github.com/nikolaarden2000/software-design-project/backend/rooms/repository.go:761.76,767.27 5 1
github.com/nikolaarden2000/software-design-project/backend/rooms/repository.go:767.27,769.3 1 1
github.com/nikolaarden2000/software-design-project/backend/rooms/repository.go:771.2,771.50 1 1
github.com/nikolaarden2000/software-design-project/backend/rooms/repository.go:771.50,773.3 1 0
github.com/nikolaarden2000/software-design-project/backend/rooms/repository.go:775.2,775.45 1 1
github.com/nikolaarden2000/software-design-project/backend/rooms/repository.go:775.45,777.3 1 1
github.com/nikolaarden2000/software-design-project/backend/rooms/repository.go:779.2,780.16 2 1
github.com/nikolaarden2000/software-design-project/backend/rooms/repository.go:780.16,782.3 1 1
github.com/nikolaarden2000/software-design-project/backend/rooms/repository.go:784.2,785.16 2 1
github.com/nikolaarden2000/software-design-project/backend/rooms/repository.go:785.16,787.3 1 1
github.com/nikolaarden2000/software-design-project/backend/rooms/repository.go:789.2,789.40 1 1
github.com/nikolaarden2000/software-design-project/backend/rooms/repository.go:789.40,791.3 1 1
github.com/nikolaarden2000/software-design-project/backend/rooms/repository.go:793.2,793.27 1 1
github.com/nikolaarden2000/software-design-project/backend/rooms/repository.go:793.27,795.3 1 1
github.com/nikolaarden2000/software-design-project/backend/rooms/repository.go:797.2,797.25 1 1
github.com/nikolaarden2000/software-design-project/backend/rooms/repository.go:797.25,799.3 1 1
github.com/nikolaarden2000/software-design-project/backend/rooms/repository.go:801.2,801.30 1 1
github.com/nikolaarden2000/software-design-project/backend/rooms/repository.go:801.30,803.3 1 1
github.com/nikolaarden2000/software-design-project/backend/rooms/repository.go:805.2,805.19 1 1
github.com/nikolaarden2000/software-design-project/backend/rooms/repository.go:808.68,823.16 5 1
github.com/nikolaarden2000/software-design-project/backend/rooms/repository.go:823.16,825.3 1 0
github.com/nikolaarden2000/software-design-project/backend/rooms/repository.go:827.2,830.18 3 1
github.com/nikolaarden2000/software-design-project/backend/rooms/repository.go:833.54,834.18 1 1
github.com/nikolaarden2000/software-design-project/backend/rooms/repository.go:834.18,836.3 1 1
github.com/nikolaarden2000/software-design-project/backend/rooms/repository.go:838.2,839.16 2 1
github.com/nikolaarden2000/software-design-project/backend/rooms/repository.go:842.89,844.16 2 1
github.com/nikolaarden2000/software-design-project/backend/rooms/repository.go:844.16,846.3 1 1
github.com/nikolaarden2000/software-design-project/backend/rooms/repository.go:847.2,851.18 3 1
github.com/nikolaarden2000/software-design-project/backend/rooms/repository.go:851.18,853.17 2 1
github.com/nikolaarden2000/software-design-project/backend/rooms/repository.go:853.17,855.4 1 0
github.com/nikolaarden2000/software-design-project/backend/rooms/repository.go:857.3,857.32 1 1
github.com/nikolaarden2000/software-design-project/backend/rooms/repository.go:860.2,860.35 1 1
github.com/nikolaarden2000/software-design-project/backend/rooms/repository.go:860.35,862.3 1 0
github.com/nikolaarden2000/software-design-project/backend/rooms/repository.go:864.2,864.20 1 1
github.com/nikolaarden2000/software-design-project/backend/rooms/repository.go:867.73,869.2 1 1
github.com/nikolaarden2000/software-design-project/backend/rooms/repository.go:871.87,872.17 1 1
github.com/nikolaarden2000/software-design-project/backend/rooms/repository.go:872.17,874.3 1 1
github.com/nikolaarden2000/software-design-project/backend/rooms/repository.go:876.2,877.18 2 1
github.com/nikolaarden2000/software-design-project/backend/rooms/repository.go:877.18,879.3 1 1
github.com/nikolaarden2000/software-design-project/backend/rooms/repository.go:881.2,882.16 2 1
github.com/nikolaarden2000/software-design-project/backend/rooms/repository.go:882.16,884.3 1 0
github.com/nikolaarden2000/software-design-project/backend/rooms/repository.go:886.2,886.29 1 1
github.com/nikolaarden2000/software-design-project/backend/rooms/repository.go:886.29,888.3 1 0
github.com/nikolaarden2000/software-design-project/backend/rooms/repository.go:890.2,890.12 1 1
github.com/nikolaarden2000/software-design-project/backend/rooms/repository.go:893.73,895.2 1 1
github.com/nikolaarden2000/software-design-project/backend/rooms/repository.go:897.102,898.17 1 1
github.com/nikolaarden2000/software-design-project/backend/rooms/repository.go:898.17,900.3 1 1
github.com/nikolaarden2000/software-design-project/backend/rooms/repository.go:902.2,903.16 2 1
github.com/nikolaarden2000/software-design-project/backend/rooms/repository.go:903.16,905.3 1 0
github.com/nikolaarden2000/software-design-project/backend/rooms/repository.go:907.2,907.29 1 1
github.com/nikolaarden2000/software-design-project/backend/rooms/repository.go:907.29,909.3 1 1
github.com/nikolaarden2000/software-design-project/backend/rooms/repository.go:911.2,911.12 1 1
github.com/nikolaarden2000/software-design-project/backend/rooms/repository.go:914.88,918.16 3 1
github.com/nikolaarden2000/software-design-project/backend/rooms/repository.go:918.16,920.3 1 0
github.com/nikolaarden2000/software-design-project/backend/rooms/repository.go:922.2,922.13 1 1
github.com/nikolaarden2000/software-design-project/backend/rooms/repository.go:922.13,924.3 1 1
github.com/nikolaarden2000/software-design-project/backend/rooms/repository.go:926.2,926.23 1 1
github.com/nikolaarden2000/software-design-project/backend/rooms/repository.go:929.62,954.16 7 1
github.com/nikolaarden2000/software-design-project/backend/rooms/repository.go:954.16,956.3 1 0
github.com/nikolaarden2000/software-design-project/backend/rooms/repository.go:958.2,961.21 3 1
github.com/nikolaarden2000/software-design-project/backend/rooms/repository.go:961.21,967.3 1 1
github.com/nikolaarden2000/software-design-project/backend/rooms/repository.go:969.2,969.18 1 1
github.com/nikolaarden2000/software-design-project/backend/users/repository.go:63.46,65.2 1 1
github.com/nikolaarden2000/software-design-project/backend/users/repository.go:67.121,68.24 1 1
github.com/nikolaarden2000/software-design-project/backend/users/repository.go:68.24,70.3 1 1
github.com/nikolaarden2000/software-design-project/backend/users/repository.go:72.2,74.16 3 1
github.com/nikolaarden2000/software-design-project/backend/users/repository.go:74.16,75.36 1 1
github.com/nikolaarden2000/software-design-project/backend/users/repository.go:75.36,77.4 1 1
github.com/nikolaarden2000/software-design-project/backend/users/repository.go:78.3,78.16 1 1
github.com/nikolaarden2000/software-design-project/backend/users/repository.go:81.2,81.16 1 1
github.com/nikolaarden2000/software-design-project/backend/users/repository.go:84.87,87.2 2 1
github.com/nikolaarden2000/software-design-project/backend/users/repository.go:89.78,90.13 1 1
github.com/nikolaarden2000/software-design-project/backend/users/repository.go:90.13,92.3 1 1
github.com/nikolaarden2000/software-design-project/backend/users/repository.go:94.2,95.22 2 1
github.com/nikolaarden2000/software-design-project/backend/users/repository.go:98.84,101.82 2 1
github.com/nikolaarden2000/software-design-project/backend/users/repository.go:101.82,103.3 1 1
github.com/nikolaarden2000/software-design-project/backend/users/repository.go:105.2,105.20 1 1
github.com/nikolaarden2000/software-design-project/backend/users/repository.go:108.43,111.85 2 1
github.com/nikolaarden2000/software-design-project/backend/users/repository.go:111.85,112.36 1 1
github.com/nikolaarden2000/software-design-project/backend/users/repository.go:112.36,114.4 1 1
github.com/nikolaarden2000/software-design-project/backend/users/repository.go:115.3,115.18 1 1
github.com/nikolaarden2000/software-design-project/backend/users/repository.go:118.2,118.16 1 1
github.com/nikolaarden2000/software-design-project/backend/users/repository.go:121.71,123.16 2 1
github.com/nikolaarden2000/software-design-project/backend/users/repository.go:123.16,125.3 1 1
github.com/nikolaarden2000/software-design-project/backend/users/repository.go:126.2,130.18 3 1
github.com/nikolaarden2000/software-design-project/backend/users/repository.go:130.18,138.17 2 1
github.com/nikolaarden2000/software-design-project/backend/users/repository.go:138.17,140.4 1 0
github.com/nikolaarden2000/software-design-project/backend/users/repository.go:142.3,143.17 2 1
github.com/nikolaarden2000/software-design-project/backend/users/repository.go:143.17,145.4 1 1
github.com/nikolaarden2000/software-design-project/backend/users/repository.go:147.3,148.33 2 1
github.com/nikolaarden2000/software-design-project/backend/users/repository.go:151.2,151.35 1 1
github.com/nikolaarden2000/software-design-project/backend/users/repository.go:151.35,153.3 1 0
github.com/nikolaarden2000/software-design-project/backend/users/repository.go:155.2,155.20 1 1
github.com/nikolaarden2000/software-design-project/backend/users/repository.go:158.100,159.18 1 1
github.com/nikolaarden2000/software-design-project/backend/users/repository.go:159.18,161.3 1 1
github.com/nikolaarden2000/software-design-project/backend/users/repository.go:163.2,164.16 2 1
github.com/nikolaarden2000/software-design-project/backend/users/repository.go:164.16,166.3 1 1
github.com/nikolaarden2000/software-design-project/backend/users/repository.go:167.2,171.18 3 1
github.com/nikolaarden2000/software-design-project/backend/users/repository.go:171.18,178.17 2 1
github.com/nikolaarden2000/software-design-project/backend/users/repository.go:178.17,180.4 1 0
github.com/nikolaarden2000/software-design-project/backend/users/repository.go:182.3,182.42 1 1
github.com/nikolaarden2000/software-design-project/backend/users/repository.go:185.2,185.35 1 1
github.com/nikolaarden2000/software-design-project/backend/users/repository.go:185.35,187.3 1 0
github.com/nikolaarden2000/software-design-project/backend/users/repository.go:189.2,189.23 1 1
github.com/nikolaarden2000/software-design-project/backend/users/repository.go:192.96,193.37 1 1
github.com/nikolaarden2000/software-design-project/backend/users/repository.go:193.37,195.3 1 1
github.com/nikolaarden2000/software-design-project/backend/users/repository.go:197.2,198.16 2 1
github.com/nikolaarden2000/software-design-project/backend/users/repository.go:198.16,200.3 1 1
github.com/nikolaarden2000/software-design-project/backend/users/repository.go:202.2,202.29 1 1
github.com/nikolaarden2000/software-design-project/backend/users/repository.go:202.29,204.3 1 1
github.com/nikolaarden2000/software-design-project/backend/users/repository.go:206.2,207.16 2 1
github.com/nikolaarden2000/software-design-project/backend/users/repository.go:207.16,209.3 1 1
github.com/nikolaarden2000/software-design-project/backend/users/repository.go:211.2,211.12 1 1
github.com/nikolaarden2000/software-design-project/backend/users/repository.go:214.104,215.37 1 1
github.com/nikolaarden2000/software-design-project/backend/users/repository.go:215.37,217.3 1 1
github.com/nikolaarden2000/software-design-project/backend/users/repository.go:219.2,220.16 2 1
github.com/nikolaarden2000/software-design-project/backend/users/repository.go:220.16,222.3 1 1
github.com/nikolaarden2000/software-design-project/backend/users/repository.go:224.2,224.29 1 1
github.com/nikolaarden2000/software-design-project/backend/users/repository.go:224.29,226.3 1 1
github.com/nikolaarden2000/software-design-project/backend/users/repository.go:228.2,228.12 1 1
github.com/nikolaarden2000/software-design-project/backend/users/repository.go:231.42,233.29 2 1
github.com/nikolaarden2000/software-design-project/backend/users/repository.go:233.29,235.3 1 1
github.com/nikolaarden2000/software-design-project/backend/users/repository.go:237.2,237.20 1 1
github.com/nikolaarden2000/software-design-project/backend/users/repository.go:238.15,239.24 1 1
github.com/nikolaarden2000/software-design-project/backend/users/repository.go:240.15,241.24 1 1
github.com/nikolaarden2000/software-design-project/backend/users/repository.go:242.10,243.13 1 1
github.com/nikolaarden2000/software-design-project/backend/users/roles.go:9.36,10.14 1 1
github.com/nikolaarden2000/software-design-project/backend/users/roles.go:11.42,12.14 1 1
github.com/nikolaarden2000/software-design-project/backend/users/roles.go:13.10,14.15 1 1
github.com/nikolaarden2000/software-design-project/backend/bookings/repository.go:148.46,150.2 1 1
github.com/nikolaarden2000/software-design-project/backend/bookings/repository.go:157.56,159.16 2 1
github.com/nikolaarden2000/software-design-project/backend/bookings/repository.go:159.16,161.3 1 1
github.com/nikolaarden2000/software-design-project/backend/bookings/repository.go:162.2,162.17 1 1
github.com/nikolaarden2000/software-design-project/backend/bookings/repository.go:165.42,166.16 1 1
github.com/nikolaarden2000/software-design-project/backend/bookings/repository.go:166.16,168.3 1 0
github.com/nikolaarden2000/software-design-project/backend/bookings/repository.go:169.2,169.10 1 1
github.com/nikolaarden2000/software-design-project/backend/bookings/repository.go:172.66,174.75 2 1
github.com/nikolaarden2000/software-design-project/backend/bookings/repository.go:174.75,176.3 1 1
github.com/nikolaarden2000/software-design-project/backend/bookings/repository.go:177.2,177.14 1 1
github.com/nikolaarden2000/software-design-project/backend/bookings/repository.go:180.130,181.17 1 1
github.com/nikolaarden2000/software-design-project/backend/bookings/repository.go:181.17,183.3 1 1
github.com/nikolaarden2000/software-design-project/backend/bookings/repository.go:184.2,184.15 1 1
github.com/nikolaarden2000/software-design-project/backend/bookings/repository.go:184.15,186.3 1 1
github.com/nikolaarden2000/software-design-project/backend/bookings/repository.go:188.2,192.106 4 1
github.com/nikolaarden2000/software-design-project/backend/bookings/repository.go:192.106,193.36 1 1
github.com/nikolaarden2000/software-design-project/backend/bookings/repository.go:193.36,195.4 1 1
github.com/nikolaarden2000/software-design-project/backend/bookings/repository.go:196.3,196.70 1 1
github.com/nikolaarden2000/software-design-project/backend/bookings/repository.go:199.2,200.16 2 1
github.com/nikolaarden2000/software-design-project/backend/bookings/repository.go:200.16,202.3 1 1
github.com/nikolaarden2000/software-design-project/backend/bookings/repository.go:204.2,209.16 5 1
github.com/nikolaarden2000/software-design-project/backend/bookings/repository.go:209.16,211.3 1 1
github.com/nikolaarden2000/software-design-project/backend/bookings/repository.go:212.2,215.18 3 1
github.com/nikolaarden2000/software-design-project/backend/bookings/repository.go:215.18,217.49 2 1
github.com/nikolaarden2000/software-design-project/backend/bookings/repository.go:217.49,219.4 1 0
github.com/nikolaarden2000/software-design-project/backend/bookings/repository.go:220.3,223.5 1 1
github.com/nikolaarden2000/software-design-project/backend/bookings/repository.go:226.2,226.35 1 1
github.com/nikolaarden2000/software-design-project/backend/bookings/repository.go:226.35,228.3 1 0
github.com/nikolaarden2000/software-design-project/backend/bookings/repository.go:230.2,230.51 1 1
github.com/nikolaarden2000/software-design-project/backend/bookings/repository.go:230.51,232.3 1 1
github.com/nikolaarden2000/software-design-project/backend/bookings/repository.go:234.2,235.28 2 1
github.com/nikolaarden2000/software-design-project/backend/bookings/repository.go:235.28,242.62 5 1
github.com/nikolaarden2000/software-design-project/backend/bookings/repository.go:242.62,243.24 1 1
github.com/nikolaarden2000/software-design-project/backend/bookings/repository.go:243.24,244.13 1 1
github.com/nikolaarden2000/software-design-project/backend/bookings/repository.go:247.4,250.39 3 1
github.com/nikolaarden2000/software-design-project/backend/bookings/repository.go:250.39,251.33 1 1
github.com/nikolaarden2000/software-design-project/backend/bookings/repository.go:251.33,252.11 1 1
github.com/nikolaarden2000/software-design-project/backend/bookings/repository.go:255.5,255.26 1 1
github.com/nikolaarden2000/software-design-project/backend/bookings/repository.go:255.26,257.11 2 1
github.com/nikolaarden2000/software-design-project/backend/bookings/repository.go:261.4,261.17 1 1
github.com/nikolaarden2000/software-design-project/backend/bookings/repository.go:261.17,263.5 1 1
github.com/nikolaarden2000/software-design-project/backend/bookings/repository.go:266.3,269.5 1 1
github.com/nikolaarden2000/software-design-project/backend/bookings/repository.go:272.2,272.21 1 1
github.com/nikolaarden2000/software-design-project/backend/bookings/repository.go:275.134,276.32 1 1
github.com/nikolaarden2000/software-design-project/backend/bookings/repository.go:276.32,278.3 1 1
github.com/nikolaarden2000/software-design-project/backend/bookings/repository.go:280.2,282.21 2 1
github.com/nikolaarden2000/software-design-project/backend/bookings/repository.go:282.21,284.3 1 1
github.com/nikolaarden2000/software-design-project/backend/bookings/repository.go:286.2,287.26 2 1
github.com/nikolaarden2000/software-design-project/backend/bookings/repository.go:287.26,289.17 2 1
github.com/nikolaarden2000/software-design-project/backend/bookings/repository.go:289.17,291.4 1 1
github.com/nikolaarden2000/software-design-project/backend/bookings/repository.go:292.3,292.15 1 1
github.com/nikolaarden2000/software-design-project/backend/bookings/repository.go:295.2,295.34 1 1
github.com/nikolaarden2000/software-design-project/backend/bookings/repository.go:295.34,296.49 1 1
github.com/nikolaarden2000/software-design-project/backend/bookings/repository.go:296.49,298.4 1 1
github.com/nikolaarden2000/software-design-project/backend/bookings/repository.go:301.2,302.16 2 1
github.com/nikolaarden2000/software-design-project/backend/bookings/repository.go:302.16,304.3 1 1
github.com/nikolaarden2000/software-design-project/backend/bookings/repository.go:306.2,307.86 2 1
github.com/nikolaarden2000/software-design-project/backend/bookings/repository.go:307.86,308.36 1 1
github.com/nikolaarden2000/software-design-project/backend/bookings/repository.go:308.36,310.4 1 1
github.com/nikolaarden2000/software-design-project/backend/bookings/repository.go:311.3,311.65 1 0
github.com/nikolaarden2000/software-design-project/backend/bookings/repository.go:314.2,315.16 2 1
github.com/nikolaarden2000/software-design-project/backend/bookings/repository.go:315.16,317.3 1 1
github.com/nikolaarden2000/software-design-project/backend/bookings/repository.go:319.2,322.27 3 1
github.com/nikolaarden2000/software-design-project/backend/bookings/repository.go:322.27,324.3 1 1
github.com/nikolaarden2000/software-design-project/backend/bookings/repository.go:326.2,328.16 3 1
github.com/nikolaarden2000/software-design-project/backend/bookings/repository.go:328.16,329.36 1 1
github.com/nikolaarden2000/software-design-project/backend/bookings/repository.go:329.36,331.4 1 0
github.com/nikolaarden2000/software-design-project/backend/bookings/repository.go:333.3,334.78 2 1
github.com/nikolaarden2000/software-design-project/backend/bookings/repository.go:334.78,336.4 1 1
github.com/nikolaarden2000/software-design-project/backend/bookings/repository.go:338.3,338.16 1 1
github.com/nikolaarden2000/software-design-project/backend/bookings/repository.go:341.2,341.23 1 1
github.com/nikolaarden2000/software-design-project/backend/bookings/repository.go:344.116,345.17 1 1
github.com/nikolaarden2000/software-design-project/backend/bookings/repository.go:345.17,347.3 1 1
github.com/nikolaarden2000/software-design-project/backend/bookings/repository.go:349.2,352.16 3 1
github.com/nikolaarden2000/software-design-project/backend/bookings/repository.go:352.16,354.3 1 1
github.com/nikolaarden2000/software-design-project/backend/bookings/repository.go:355.2,358.18 3 1
github.com/nikolaarden2000/software-design-project/backend/bookings/repository.go:358.18,373.17 4 1
github.com/nikolaarden2000/software-design-project/backend/bookings/repository.go:373.17,375.4 1 0
github.com/nikolaarden2000/software-design-project/backend/bookings/repository.go:377.3,378.17 2 1
github.com/nikolaarden2000/software-design-project/backend/bookings/repository.go:378.17,380.4 1 1
github.com/nikolaarden2000/software-design-project/backend/bookings/repository.go:382.3,387.29 5 1
github.com/nikolaarden2000/software-design-project/backend/bookings/repository.go:390.2,390.27 1 1
github.com/nikolaarden2000/software-design-project/backend/bookings/repository.go:393.81,394.30 1 1
github.com/nikolaarden2000/software-design-project/backend/bookings/repository.go:394.30,396.3 1 1
github.com/nikolaarden2000/software-design-project/backend/bookings/repository.go:398.2,398.9 1 1
github.com/nikolaarden2000/software-design-project/backend/bookings/repository.go:399.29,400.18 1 1
github.com/nikolaarden2000/software-design-project/backend/bookings/repository.go:401.26,402.20 1 1
github.com/nikolaarden2000/software-design-project/backend/bookings/repository.go:403.10,404.18 1 1
github.com/nikolaarden2000/software-design-project/backend/bookings/repository.go:408.101,409.35 1 1
github.com/nikolaarden2000/software-design-project/backend/bookings/repository.go:409.35,411.3 1 1
github.com/nikolaarden2000/software-design-project/backend/bookings/repository.go:413.2,419.16 5 1
github.com/nikolaarden2000/software-design-project/backend/bookings/repository.go:419.16,420.36 1 1
github.com/nikolaarden2000/software-design-project/backend/bookings/repository.go:420.36,422.4 1 1
github.com/nikolaarden2000/software-design-project/backend/bookings/repository.go:423.3,423.13 1 1
github.com/nikolaarden2000/software-design-project/backend/bookings/repository.go:426.2,426.86 1 1
github.com/nikolaarden2000/software-design-project/backend/bookings/repository.go:426.86,428.3 1 1
github.com/nikolaarden2000/software-design-project/backend/bookings/repository.go:430.2,431.12 2 1
github.com/nikolaarden2000/software-design-project/backend/bookings/repository.go:442.31,443.33 1 1
github.com/nikolaarden2000/software-design-project/backend/bookings/repository.go:443.33,445.3 1 1
github.com/nikolaarden2000/software-design-project/backend/bookings/repository.go:447.2,450.23 3 1
github.com/nikolaarden2000/software-design-project/backend/bookings/repository.go:450.23,451.23 1 1
github.com/nikolaarden2000/software-design-project/backend/bookings/repository.go:451.23,453.4 1 1
github.com/nikolaarden2000/software-design-project/backend/bookings/repository.go:454.3,454.30 1 1
github.com/nikolaarden2000/software-design-project/backend/bookings/repository.go:457.2,458.19 2 1
github.com/nikolaarden2000/software-design-project/backend/bookings/repository.go:458.19,459.19 1 1
github.com/nikolaarden2000/software-design-project/backend/bookings/repository.go:459.19,461.4 1 1
github.com/nikolaarden2000/software-design-project/backend/bookings/repository.go:462.3,462.22 1 1
github.com/nikolaarden2000/software-design-project/backend/bookings/repository.go:465.2,466.19 2 1
github.com/nikolaarden2000/software-design-project/backend/bookings/repository.go:466.19,467.18 1 1
github.com/nikolaarden2000/software-design-project/backend/bookings/repository.go:468.51,469.44 1 1
github.com/nikolaarden2000/software-design-project/backend/bookings/repository.go:470.11,471.37 1 1
github.com/nikolaarden2000/software-design-project/backend/bookings/repository.go:475.2,476.16 2 1
github.com/nikolaarden2000/software-design-project/backend/bookings/repository.go:476.16,478.3 1 1
github.com/nikolaarden2000/software-design-project/backend/bookings/repository.go:479.2,483.18 3 1
github.com/nikolaarden2000/software-design-project/backend/bookings/repository.go:483.18,503.17 5 1
github.com/nikolaarden2000/software-design-project/backend/bookings/repository.go:503.17,505.4 1 0
github.com/nikolaarden2000/software-design-project/backend/bookings/repository.go:507.3,508.17 2 1
github.com/nikolaarden2000/software-design-project/backend/bookings/repository.go:508.17,510.4 1 1
github.com/nikolaarden2000/software-design-project/backend/bookings/repository.go:512.3,517.46 5 1
github.com/nikolaarden2000/software-design-project/backend/bookings/repository.go:517.46,518.12 1 1
github.com/nikolaarden2000/software-design-project/backend/bookings/repository.go:521.3,521.30 1 1
github.com/nikolaarden2000/software-design-project/backend/bookings/repository.go:524.2,524.35 1 1
github.com/nikolaarden2000/software-design-project/backend/bookings/repository.go:524.35,526.3 1 0
github.com/nikolaarden2000/software-design-project/backend/bookings/repository.go:528.2,528.19 1 1
github.com/nikolaarden2000/software-design-project/backend/bookings/repository.go:531.128,532.20 1 1
github.com/nikolaarden2000/software-design-project/backend/bookings/repository.go:532.20,534.3 1 1
github.com/nikolaarden2000/software-design-project/backend/bookings/repository.go:536.2,536.33 1 1
github.com/nikolaarden2000/software-design-project/backend/bookings/repository.go:536.33,538.3 1 1
github.com/nikolaarden2000/software-design-project/backend/bookings/repository.go:540.2,548.16 6 1
github.com/nikolaarden2000/software-design-project/backend/bookings/repository.go:548.16,549.36 1 1
github.com/nikolaarden2000/software-design-project/backend/bookings/repository.go:549.36,551.4 1 1
github.com/nikolaarden2000/software-design-project/backend/bookings/repository.go:552.3,552.13 1 1
github.com/nikolaarden2000/software-design-project/backend/bookings/repository.go:555.2,555.17 1 1
github.com/nikolaarden2000/software-design-project/backend/bookings/repository.go:555.17,557.3 1 1
github.com/nikolaarden2000/software-design-project/backend/bookings/repository.go:559.2,559.90 1 1
github.com/nikolaarden2000/software-design-project/backend/bookings/repository.go:559.90,561.3 1 1
github.com/nikolaarden2000/software-design-project/backend/bookings/repository.go:563.2,564.16 2 1
github.com/nikolaarden2000/software-design-project/backend/bookings/repository.go:564.16,566.3 1 1
github.com/nikolaarden2000/software-design-project/backend/bookings/repository.go:568.2,568.29 1 1
github.com/nikolaarden2000/software-design-project/backend/bookings/repository.go:568.29,570.3 1 1
github.com/nikolaarden2000/software-design-project/backend/bookings/repository.go:572.2,572.12 1 1
github.com/nikolaarden2000/software-design-project/backend/bookings/repository.go:575.46,576.16 1 1
github.com/nikolaarden2000/software-design-project/backend/bookings/repository.go:577.38,578.18 1 1
github.com/nikolaarden2000/software-design-project/backend/bookings/repository.go:579.10,580.16 1 1
github.com/nikolaarden2000/software-design-project/backend/companies/repository.go:36.46,38.2 1 1
github.com/nikolaarden2000/software-design-project/backend/companies/repository.go:40.76,42.16 2 1
github.com/nikolaarden2000/software-design-project/backend/companies/repository.go:42.16,44.3 1 1
github.com/nikolaarden2000/software-design-project/backend/companies/repository.go:45.2,49.18 3 1
github.com/nikolaarden2000/software-design-project/backend/companies/repository.go:49.18,57.17 2 1
github.com/nikolaarden2000/software-design-project/backend/companies/repository.go:57.17,59.4 1 1
github.com/nikolaarden2000/software-design-project/backend/companies/repository.go:61.3,61.35 1 1
github.com/nikolaarden2000/software-design-project/backend/companies/repository.go:64.2,64.35 1 1
github.com/nikolaarden2000/software-design-project/backend/companies/repository.go:64.35,66.3 1 0
github.com/nikolaarden2000/software-design-project/backend/companies/repository.go:68.2,68.20 1 1
github.com/nikolaarden2000/software-design-project/backend/companies/repository.go:71.101,75.16 3 1
github.com/nikolaarden2000/software-design-project/backend/companies/repository.go:75.16,77.3 1 1
github.com/nikolaarden2000/software-design-project/backend/companies/repository.go:79.2,87.16 3 1
github.com/nikolaarden2000/software-design-project/backend/companies/repository.go:87.16,89.54 2 1
github.com/nikolaarden2000/software-design-project/backend/companies/repository.go:89.54,91.4 1 1
github.com/nikolaarden2000/software-design-project/backend/companies/repository.go:93.3,93.18 1 1
github.com/nikolaarden2000/software-design-project/backend/companies/repository.go:96.2,96.22 1 1
github.com/nikolaarden2000/software-design-project/backend/companies/repository.go:99.76,100.13 1 1
github.com/nikolaarden2000/software-design-project/backend/companies/repository.go:100.13,102.3 1 1
github.com/nikolaarden2000/software-design-project/backend/companies/repository.go:104.2,106.16 3 1
github.com/nikolaarden2000/software-design-project/backend/companies/repository.go:106.16,107.36 1 1
github.com/nikolaarden2000/software-design-project/backend/companies/repository.go:107.36,109.4 1 0
github.com/nikolaarden2000/software-design-project/backend/companies/repository.go:111.3,111.20 1 1
github.com/nikolaarden2000/software-design-project/backend/companies/repository.go:114.2,114.20 1 1
github.com/nikolaarden2000/software-design-project/backend/auth/auth.go:52.46,53.9 1 1
github.com/nikolaarden2000/software-design-project/backend/auth/auth.go:54.38,55.29 1 1
github.com/nikolaarden2000/software-design-project/backend/auth/auth.go:56.38,57.28 1 1
github.com/nikolaarden2000/software-design-project/backend/auth/auth.go:58.48,59.33 1 1
github.com/nikolaarden2000/software-design-project/backend/auth/auth.go:61.2,61.12 1 1
github.com/nikolaarden2000/software-design-project/backend/auth/auth.go:80.108,81.22 1 0
github.com/nikolaarden2000/software-design-project/backend/auth/auth.go:81.22,83.3 1 0
github.com/nikolaarden2000/software-design-project/backend/auth/auth.go:84.2,90.3 1 0
github.com/nikolaarden2000/software-design-project/backend/auth/auth.go:93.93,97.2 3 0
github.com/nikolaarden2000/software-design-project/backend/auth/auth.go:99.34,101.2 1 0
github.com/nikolaarden2000/software-design-project/backend/auth/auth.go:103.72,113.26 2 1
github.com/nikolaarden2000/software-design-project/backend/auth/auth.go:113.26,115.3 1 0
github.com/nikolaarden2000/software-design-project/backend/auth/auth.go:116.2,116.10 1 1
github.com/nikolaarden2000/software-design-project/backend/auth/auth.go:119.100,121.2 1 1
github.com/nikolaarden2000/software-design-project/backend/auth/auth.go:123.114,124.30 1 1
github.com/nikolaarden2000/software-design-project/backend/auth/auth.go:124.30,126.3 1 1
github.com/nikolaarden2000/software-design-project/backend/auth/auth.go:128.2,129.20 2 1
github.com/nikolaarden2000/software-design-project/backend/auth/auth.go:129.20,131.3 1 1
github.com/nikolaarden2000/software-design-project/backend/auth/auth.go:133.2,134.17 2 1
github.com/nikolaarden2000/software-design-project/backend/auth/auth.go:134.17,136.3 1 1
github.com/nikolaarden2000/software-design-project/backend/auth/auth.go:137.2,137.52 1 1
github.com/nikolaarden2000/software-design-project/backend/auth/auth.go:137.52,139.3 1 1
github.com/nikolaarden2000/software-design-project/backend/auth/auth.go:141.2,141.51 1 1
github.com/nikolaarden2000/software-design-project/backend/auth/auth.go:141.51,143.3 1 1
github.com/nikolaarden2000/software-design-project/backend/auth/auth.go:145.2,146.16 2 1
github.com/nikolaarden2000/software-design-project/backend/auth/auth.go:146.16,148.3 1 1
github.com/nikolaarden2000/software-design-project/backend/auth/auth.go:149.2,149.11 1 1
github.com/nikolaarden2000/software-design-project/backend/auth/auth.go:149.11,151.3 1 1
github.com/nikolaarden2000/software-design-project/backend/auth/auth.go:153.2,154.16 2 1
github.com/nikolaarden2000/software-design-project/backend/auth/auth.go:154.16,156.3 1 0
github.com/nikolaarden2000/software-design-project/backend/auth/auth.go:158.2,159.16 2 1
github.com/nikolaarden2000/software-design-project/backend/auth/auth.go:159.16,161.3 1 1
github.com/nikolaarden2000/software-design-project/backend/auth/auth.go:163.2,164.16 2 1
github.com/nikolaarden2000/software-design-project/backend/auth/auth.go:167.118,169.17 2 1
github.com/nikolaarden2000/software-design-project/backend/auth/auth.go:169.17,171.3 1 1
github.com/nikolaarden2000/software-design-project/backend/auth/auth.go:172.2,172.20 1 1
github.com/nikolaarden2000/software-design-project/backend/auth/auth.go:172.20,174.3 1 1
github.com/nikolaarden2000/software-design-project/backend/auth/auth.go:176.2,177.16 2 1
github.com/nikolaarden2000/software-design-project/backend/auth/auth.go:177.16,179.3 1 1
github.com/nikolaarden2000/software-design-project/backend/auth/auth.go:181.2,182.16 2 1
github.com/nikolaarden2000/software-design-project/backend/auth/auth.go:182.16,184.3 1 1
github.com/nikolaarden2000/software-design-project/backend/auth/auth.go:185.2,185.9 1 1
github.com/nikolaarden2000/software-design-project/backend/auth/auth.go:185.9,187.3 1 1
github.com/nikolaarden2000/software-design-project/backend/auth/auth.go:189.2,190.16 2 1
github.com/nikolaarden2000/software-design-project/backend/auth/auth.go:190.16,192.3 1 0
github.com/nikolaarden2000/software-design-project/backend/auth/auth.go:194.2,197.15 3 1
github.com/nikolaarden2000/software-design-project/backend/auth/auth.go:200.70,201.50 1 1
github.com/nikolaarden2000/software-design-project/backend/auth/auth.go:201.50,203.3 1 1
github.com/nikolaarden2000/software-design-project/backend/auth/auth.go:204.2,206.24 3 1
github.com/nikolaarden2000/software-design-project/backend/auth/auth.go:209.66,211.16 2 1
github.com/nikolaarden2000/software-design-project/backend/auth/auth.go:211.16,213.3 1 1
github.com/nikolaarden2000/software-design-project/backend/auth/auth.go:214.2,214.34 1 1
github.com/nikolaarden2000/software-design-project/backend/auth/auth.go:217.85,219.2 1 1
github.com/nikolaarden2000/software-design-project/backend/auth/auth.go:225.57,227.14 2 1
github.com/nikolaarden2000/software-design-project/backend/auth/auth.go:227.14,229.3 1 1
github.com/nikolaarden2000/software-design-project/backend/auth/auth.go:230.2,231.15 2 1
github.com/nikolaarden2000/software-design-project/backend/auth/auth.go:234.52,236.16 2 1
github.com/nikolaarden2000/software-design-project/backend/auth/auth.go:236.16,238.3 1 0
github.com/nikolaarden2000/software-design-project/backend/auth/auth.go:240.2,252.21 3 1
github.com/nikolaarden2000/software-design-project/backend/auth/auth.go:265.53,267.16 2 1
github.com/nikolaarden2000/software-design-project/backend/auth/auth.go:267.16,269.3 1 1
github.com/nikolaarden2000/software-design-project/backend/auth/auth.go:270.2,270.23 1 1
github.com/nikolaarden2000/software-design-project/backend/auth/auth.go:273.51,275.16 2 1
github.com/nikolaarden2000/software-design-project/backend/auth/auth.go:275.16,277.3 1 1
github.com/nikolaarden2000/software-design-project/backend/auth/auth.go:278.2,278.22 1 1
github.com/nikolaarden2000/software-design-project/backend/auth/auth.go:281.58,283.21 2 1
github.com/nikolaarden2000/software-design-project/backend/auth/auth.go:283.21,285.3 1 1
github.com/nikolaarden2000/software-design-project/backend/auth/auth.go:287.2,288.16 2 1
github.com/nikolaarden2000/software-design-project/backend/auth/auth.go:288.16,290.3 1 1
github.com/nikolaarden2000/software-design-project/backend/auth/auth.go:291.2,291.28 1 1
github.com/nikolaarden2000/software-design-project/backend/auth/auth.go:291.28,293.3 1 1
github.com/nikolaarden2000/software-design-project/backend/auth/auth.go:295.2,296.16 2 1
github.com/nikolaarden2000/software-design-project/backend/auth/auth.go:296.16,298.3 1 1
github.com/nikolaarden2000/software-design-project/backend/auth/auth.go:299.2,300.16 2 1
github.com/nikolaarden2000/software-design-project/backend/auth/auth.go:300.16,302.3 1 1
github.com/nikolaarden2000/software-design-project/backend/auth/auth.go:303.2,304.16 2 1
github.com/nikolaarden2000/software-design-project/backend/auth/auth.go:304.16,306.3 1 1
github.com/nikolaarden2000/software-design-project/backend/auth/auth.go:307.2,308.16 2 1
github.com/nikolaarden2000/software-design-project/backend/auth/auth.go:308.16,310.3 1 1
github.com/nikolaarden2000/software-design-project/backend/auth/auth.go:312.2,313.16 2 1
github.com/nikolaarden2000/software-design-project/backend/auth/auth.go:313.16,315.3 1 1
github.com/nikolaarden2000/software-design-project/backend/auth/auth.go:316.2,317.16 2 1
github.com/nikolaarden2000/software-design-project/backend/auth/auth.go:317.16,319.3 1 1
github.com/nikolaarden2000/software-design-project/backend/auth/auth.go:321.2,329.8 1 1
github.com/nikolaarden2000/software-design-project/backend/auth/auth.go:332.60,334.16 2 1
github.com/nikolaarden2000/software-design-project/backend/auth/auth.go:334.16,336.3 1 1
github.com/nikolaarden2000/software-design-project/backend/auth/auth.go:338.2,339.57 2 1
github.com/nikolaarden2000/software-design-project/backend/auth/auth.go:339.57,341.3 1 1
github.com/nikolaarden2000/software-design-project/backend/auth/auth.go:342.2,342.18 1 1
github.com/nikolaarden2000/software-design-project/backend/auth/auth.go:345.44,349.2 3 1
github.com/nikolaarden2000/software-design-project/backend/auth/middleware.go:14.78,15.71 1 1
github.com/nikolaarden2000/software-design-project/backend/auth/middleware.go:15.71,17.22 2 1
github.com/nikolaarden2000/software-design-project/backend/auth/middleware.go:17.22,20.4 2 1
github.com/nikolaarden2000/software-design-project/backend/auth/middleware.go:22.3,23.17 2 1
github.com/nikolaarden2000/software-design-project/backend/auth/middleware.go:23.17,27.4 3 0
github.com/nikolaarden2000/software-design-project/backend/auth/middleware.go:29.3,32.40 3 1
github.com/nikolaarden2000/software-design-project/backend/auth/middleware.go:36.67,37.96 1 1
github.com/nikolaarden2000/software-design-project/backend/auth/middleware.go:37.96,39.22 2 1
github.com/nikolaarden2000/software-design-project/backend/auth/middleware.go:39.22,42.4 2 1
github.com/nikolaarden2000/software-design-project/backend/auth/middleware.go:44.3,44.23 1 1
github.com/nikolaarden2000/software-design-project/backend/auth/middleware.go:48.91,50.36 2 1
github.com/nikolaarden2000/software-design-project/backend/auth/middleware.go:50.36,52.3 1 1
github.com/nikolaarden2000/software-design-project/backend/auth/middleware.go:54.2,54.46 1 1
github.com/nikolaarden2000/software-design-project/backend/auth/middleware.go:54.46,55.86 1 1
github.com/nikolaarden2000/software-design-project/backend/auth/middleware.go:55.86,57.23 2 1
github.com/nikolaarden2000/software-design-project/backend/auth/middleware.go:57.23,60.5 2 0
github.com/nikolaarden2000/software-design-project/backend/auth/middleware.go:62.4,62.37 1 1
github.com/nikolaarden2000/software-design-project/backend/auth/middleware.go:62.37,65.5 2 1
github.com/nikolaarden2000/software-design-project/backend/auth/middleware.go:67.4,67.24 1 1
github.com/nikolaarden2000/software-design-project/backend/auth/middleware.go:72.63,74.14 2 1
github.com/nikolaarden2000/software-design-project/backend/auth/middleware.go:74.14,76.3 1 1
github.com/nikolaarden2000/software-design-project/backend/auth/middleware.go:78.2,79.14 2 1
github.com/nikolaarden2000/software-design-project/backend/auth/session.go:30.76,39.2 3 1
github.com/nikolaarden2000/software-design-project/backend/auth/session.go:41.34,43.2 1 1
github.com/nikolaarden2000/software-design-project/backend/auth/session.go:45.62,46.43 1 1
github.com/nikolaarden2000/software-design-project/backend/auth/session.go:46.43,48.17 2 1
github.com/nikolaarden2000/software-design-project/backend/auth/session.go:48.17,50.4 1 0
github.com/nikolaarden2000/software-design-project/backend/auth/session.go:51.3,54.41 3 1
github.com/nikolaarden2000/software-design-project/backend/auth/session.go:54.41,63.4 4 1
github.com/nikolaarden2000/software-design-project/backend/auth/session.go:64.3,64.17 1 0
github.com/nikolaarden2000/software-design-project/backend/auth/session.go:66.2,66.69 1 0
github.com/nikolaarden2000/software-design-project/backend/auth/session.go:69.61,76.9 5 1
github.com/nikolaarden2000/software-design-project/backend/auth/session.go:76.9,78.3 1 1
github.com/nikolaarden2000/software-design-project/backend/auth/session.go:79.2,79.28 1 1
github.com/nikolaarden2000/software-design-project/backend/auth/session.go:79.28,82.3 2 1
github.com/nikolaarden2000/software-design-project/backend/auth/session.go:83.2,85.23 3 1
github.com/nikolaarden2000/software-design-project/backend/auth/session.go:88.52,92.2 3 1
github.com/nikolaarden2000/software-design-project/backend/auth/session.go:94.41,97.6 3 1
github.com/nikolaarden2000/software-design-project/backend/auth/session.go:97.6,98.10 1 1
github.com/nikolaarden2000/software-design-project/backend/auth/session.go:99.19,102.32 3 0
github.com/nikolaarden2000/software-design-project/backend/auth/session.go:102.32,103.31 1 0
github.com/nikolaarden2000/software-design-project/backend/auth/session.go:103.31,105.6 1 0
github.com/nikolaarden2000/software-design-project/backend/auth/session.go:107.4,107.18 1 0
github.com/nikolaarden2000/software-design-project/backend/auth/session.go:108.20,109.10 1 1
github.com/nikolaarden2000/software-design-project/backend/cmd/server/main.go:12.13,16.16 3 0
github.com/nikolaarden2000/software-design-project/backend/cmd/server/main.go:16.16,18.3 1 0
github.com/nikolaarden2000/software-design-project/backend/cmd/server/main.go:19.2,23.105 3 0
github.com/nikolaarden2000/software-design-project/backend/cmd/server/main.go:23.105,25.3 1 0
github.com/nikolaarden2000/software-design-project/backend/httpapi/response.go:18.61,22.36 3 0
github.com/nikolaarden2000/software-design-project/backend/httpapi/response.go:22.36,24.3 1 0
github.com/nikolaarden2000/software-design-project/backend/httpapi/response.go:26.2,28.4 1 0
github.com/nikolaarden2000/software-design-project/backend/httpapi/response.go:31.74,41.2 3 0
github.com/nikolaarden2000/software-design-project/backend/app/app.go:27.57,28.27 1 0
github.com/nikolaarden2000/software-design-project/backend/app/app.go:28.27,30.3 1 0
github.com/nikolaarden2000/software-design-project/backend/app/app.go:32.2,33.16 2 0
github.com/nikolaarden2000/software-design-project/backend/app/app.go:33.16,35.3 1 0
github.com/nikolaarden2000/software-design-project/backend/app/app.go:37.2,73.8 11 0
github.com/nikolaarden2000/software-design-project/backend/app/app.go:76.23,77.19 1 0
github.com/nikolaarden2000/software-design-project/backend/app/app.go:77.19,79.3 1 0
github.com/nikolaarden2000/software-design-project/backend/app/app.go:81.2,81.17 1 0
github.com/nikolaarden2000/software-design-project/backend/app/app.go:81.17,83.3 1 0
github.com/nikolaarden2000/software-design-project/backend/app/config.go:11.26,18.24 2 0
github.com/nikolaarden2000/software-design-project/backend/app/config.go:18.24,20.3 1 0
github.com/nikolaarden2000/software-design-project/backend/app/config.go:22.2,22.26 1 0
github.com/nikolaarden2000/software-design-project/backend/app/config.go:22.26,24.3 1 0
github.com/nikolaarden2000/software-design-project/backend/app/config.go:26.2,26.12 1 0
github.com/nikolaarden2000/software-design-project/backend/app/routes.go:12.92,17.81 4 0
github.com/nikolaarden2000/software-design-project/backend/app/routes.go:17.81,21.3 1 0
github.com/nikolaarden2000/software-design-project/backend/app/routes.go:23.2,155.3 32 0
github.com/nikolaarden2000/software-design-project/backend/server/admin_http.go:16.80,18.9 2 0
github.com/nikolaarden2000/software-design-project/backend/server/admin_http.go:18.9,20.3 1 0
github.com/nikolaarden2000/software-design-project/backend/server/admin_http.go:22.2,27.16 2 0
github.com/nikolaarden2000/software-design-project/backend/server/admin_http.go:27.16,31.3 3 0
github.com/nikolaarden2000/software-design-project/backend/server/admin_http.go:33.2,35.4 1 0
github.com/nikolaarden2000/software-design-project/backend/server/admin_http.go:38.76,40.9 2 0
github.com/nikolaarden2000/software-design-project/backend/server/admin_http.go:40.9,42.3 1 0
github.com/nikolaarden2000/software-design-project/backend/server/admin_http.go:44.2,45.9 2 0
github.com/nikolaarden2000/software-design-project/backend/server/admin_http.go:45.9,47.3 1 0
github.com/nikolaarden2000/software-design-project/backend/server/admin_http.go:49.2,58.16 3 0
github.com/nikolaarden2000/software-design-project/backend/server/admin_http.go:58.16,59.10 1 0
github.com/nikolaarden2000/software-design-project/backend/server/admin_http.go:60.40,61.97 1 0
github.com/nikolaarden2000/software-design-project/backend/server/admin_http.go:62.39,63.106 1 0
github.com/nikolaarden2000/software-design-project/backend/server/admin_http.go:64.46,65.129 1 0
github.com/nikolaarden2000/software-design-project/backend/server/admin_http.go:66.11,68.127 2 0
github.com/nikolaarden2000/software-design-project/backend/server/admin_http.go:70.3,70.9 1 0
github.com/nikolaarden2000/software-design-project/backend/server/admin_http.go:73.2,75.4 1 0
github.com/nikolaarden2000/software-design-project/backend/server/admin_http.go:78.82,80.9 2 0
github.com/nikolaarden2000/software-design-project/backend/server/admin_http.go:80.9,82.3 1 0
github.com/nikolaarden2000/software-design-project/backend/server/admin_http.go:84.2,85.9 2 0
github.com/nikolaarden2000/software-design-project/backend/server/admin_http.go:85.9,87.3 1 0
github.com/nikolaarden2000/software-design-project/backend/server/admin_http.go:89.2,95.16 2 0
github.com/nikolaarden2000/software-design-project/backend/server/admin_http.go:95.16,96.10 1 0
github.com/nikolaarden2000/software-design-project/backend/server/admin_http.go:97.40,98.97 1 0
github.com/nikolaarden2000/software-design-project/backend/server/admin_http.go:99.39,100.106 1 0
github.com/nikolaarden2000/software-design-project/backend/server/admin_http.go:101.11,103.127 2 0
github.com/nikolaarden2000/software-design-project/backend/server/admin_http.go:105.3,105.9 1 0
github.com/nikolaarden2000/software-design-project/backend/server/admin_http.go:108.2,108.43 1 0
github.com/nikolaarden2000/software-design-project/backend/server/admin_http.go:111.81,113.9 2 0
github.com/nikolaarden2000/software-design-project/backend/server/admin_http.go:113.9,115.3 1 0
github.com/nikolaarden2000/software-design-project/backend/server/admin_http.go:117.2,118.61 2 0
github.com/nikolaarden2000/software-design-project/backend/server/admin_http.go:118.61,121.3 2 0
github.com/nikolaarden2000/software-design-project/backend/server/admin_http.go:123.2,129.16 2 0
github.com/nikolaarden2000/software-design-project/backend/server/admin_http.go:129.16,130.10 1 0
github.com/nikolaarden2000/software-design-project/backend/server/admin_http.go:131.79,132.127 1 0
github.com/nikolaarden2000/software-design-project/backend/server/admin_http.go:133.40,134.97 1 0
github.com/nikolaarden2000/software-design-project/backend/server/admin_http.go:135.39,136.106 1 0
github.com/nikolaarden2000/software-design-project/backend/server/admin_http.go:137.11,139.127 2 0
github.com/nikolaarden2000/software-design-project/backend/server/admin_http.go:141.3,141.9 1 0
github.com/nikolaarden2000/software-design-project/backend/server/admin_http.go:144.2,144.48 1 0
github.com/nikolaarden2000/software-design-project/backend/server/admin_http.go:147.81,149.9 2 0
github.com/nikolaarden2000/software-design-project/backend/server/admin_http.go:149.9,151.3 1 0
github.com/nikolaarden2000/software-design-project/backend/server/admin_http.go:153.2,154.9 2 0
github.com/nikolaarden2000/software-design-project/backend/server/admin_http.go:154.9,156.3 1 0
github.com/nikolaarden2000/software-design-project/backend/server/admin_http.go:158.2,159.61 2 0
github.com/nikolaarden2000/software-design-project/backend/server/admin_http.go:159.61,162.3 2 0
github.com/nikolaarden2000/software-design-project/backend/server/admin_http.go:164.2,171.16 2 0
github.com/nikolaarden2000/software-design-project/backend/server/admin_http.go:171.16,172.10 1 0
github.com/nikolaarden2000/software-design-project/backend/server/admin_http.go:173.79,174.127 1 0
github.com/nikolaarden2000/software-design-project/backend/server/admin_http.go:175.40,176.97 1 0
github.com/nikolaarden2000/software-design-project/backend/server/admin_http.go:177.39,178.106 1 0
github.com/nikolaarden2000/software-design-project/backend/server/admin_http.go:179.39,180.161 1 0
github.com/nikolaarden2000/software-design-project/backend/server/admin_http.go:181.11,183.127 2 0
github.com/nikolaarden2000/software-design-project/backend/server/admin_http.go:185.3,185.9 1 0
github.com/nikolaarden2000/software-design-project/backend/server/admin_http.go:188.2,191.4 1 0
github.com/nikolaarden2000/software-design-project/backend/server/admin_http.go:194.81,196.9 2 0
github.com/nikolaarden2000/software-design-project/backend/server/admin_http.go:196.9,198.3 1 0
github.com/nikolaarden2000/software-design-project/backend/server/admin_http.go:200.2,201.9 2 0
github.com/nikolaarden2000/software-design-project/backend/server/admin_http.go:201.9,203.3 1 0
github.com/nikolaarden2000/software-design-project/backend/server/admin_http.go:205.2,211.16 2 0
github.com/nikolaarden2000/software-design-project/backend/server/admin_http.go:211.16,212.10 1 0
github.com/nikolaarden2000/software-design-project/backend/server/admin_http.go:213.40,214.97 1 0
github.com/nikolaarden2000/software-design-project/backend/server/admin_http.go:215.39,216.106 1 0
github.com/nikolaarden2000/software-design-project/backend/server/admin_http.go:217.39,218.179 1 0
github.com/nikolaarden2000/software-design-project/backend/server/admin_http.go:219.11,221.127 2 0
github.com/nikolaarden2000/software-design-project/backend/server/admin_http.go:223.3,223.9 1 0
github.com/nikolaarden2000/software-design-project/backend/server/admin_http.go:226.2,229.4 1 0
github.com/nikolaarden2000/software-design-project/backend/server/admin_http.go:236.82,238.9 2 0
github.com/nikolaarden2000/software-design-project/backend/server/admin_http.go:238.9,240.3 1 0
github.com/nikolaarden2000/software-design-project/backend/server/admin_http.go:242.2,243.9 2 0
github.com/nikolaarden2000/software-design-project/backend/server/admin_http.go:243.9,245.3 1 0
github.com/nikolaarden2000/software-design-project/backend/server/admin_http.go:247.2,248.61 2 0
github.com/nikolaarden2000/software-design-project/backend/server/admin_http.go:248.61,251.3 2 0
github.com/nikolaarden2000/software-design-project/backend/server/admin_http.go:253.2,261.16 2 0
github.com/nikolaarden2000/software-design-project/backend/server/admin_http.go:261.16,262.10 1 0
github.com/nikolaarden2000/software-design-project/backend/server/admin_http.go:263.40,264.117 1 0
github.com/nikolaarden2000/software-design-project/backend/server/admin_http.go:265.46,266.133 1 0
github.com/nikolaarden2000/software-design-project/backend/server/admin_http.go:267.40,268.97 1 0
github.com/nikolaarden2000/software-design-project/backend/server/admin_http.go:269.39,270.106 1 0
github.com/nikolaarden2000/software-design-project/backend/server/admin_http.go:271.39,272.223 1 0
github.com/nikolaarden2000/software-design-project/backend/server/admin_http.go:273.11,275.127 2 0
github.com/nikolaarden2000/software-design-project/backend/server/admin_http.go:277.3,277.9 1 0
github.com/nikolaarden2000/software-design-project/backend/server/admin_http.go:280.2,280.45 1 0
github.com/nikolaarden2000/software-design-project/backend/server/admin_http.go:283.79,285.9 2 0
github.com/nikolaarden2000/software-design-project/backend/server/admin_http.go:285.9,287.3 1 0
github.com/nikolaarden2000/software-design-project/backend/server/admin_http.go:289.2,290.9 2 0
github.com/nikolaarden2000/software-design-project/backend/server/admin_http.go:290.9,292.3 1 0
github.com/nikolaarden2000/software-design-project/backend/server/admin_http.go:294.2,295.9 2 0
github.com/nikolaarden2000/software-design-project/backend/server/admin_http.go:295.9,297.3 1 0
github.com/nikolaarden2000/software-design-project/backend/server/admin_http.go:299.2,310.16 3 0
github.com/nikolaarden2000/software-design-project/backend/server/admin_http.go:310.16,311.10 1 0
github.com/nikolaarden2000/software-design-project/backend/server/admin_http.go:312.79,313.129 1 0
github.com/nikolaarden2000/software-design-project/backend/server/admin_http.go:314.11,316.127 2 0
github.com/nikolaarden2000/software-design-project/backend/server/admin_http.go:318.3,318.9 1 0
github.com/nikolaarden2000/software-design-project/backend/server/admin_http.go:321.2,323.4 1 0
github.com/nikolaarden2000/software-design-project/backend/server/admin_http.go:326.84,328.9 2 0
github.com/nikolaarden2000/software-design-project/backend/server/admin_http.go:328.9,330.3 1 0
github.com/nikolaarden2000/software-design-project/backend/server/admin_http.go:332.2,333.9 2 0
github.com/nikolaarden2000/software-design-project/backend/server/admin_http.go:333.9,335.3 1 0
github.com/nikolaarden2000/software-design-project/backend/server/admin_http.go:337.2,344.16 2 0
github.com/nikolaarden2000/software-design-project/backend/server/admin_http.go:344.16,345.10 1 0
github.com/nikolaarden2000/software-design-project/backend/server/admin_http.go:346.40,347.126 1 0
github.com/nikolaarden2000/software-design-project/backend/server/admin_http.go:348.40,349.97 1 0
github.com/nikolaarden2000/software-design-project/backend/server/admin_http.go:350.39,351.115 1 0
github.com/nikolaarden2000/software-design-project/backend/server/admin_http.go:352.39,353.166 1 0
github.com/nikolaarden2000/software-design-project/backend/server/admin_http.go:354.11,356.127 2 0
github.com/nikolaarden2000/software-design-project/backend/server/admin_http.go:358.3,358.9 1 0
github.com/nikolaarden2000/software-design-project/backend/server/admin_http.go:361.2,364.4 1 0
github.com/nikolaarden2000/software-design-project/backend/server/helpers.go:13.53,14.15 1 0
github.com/nikolaarden2000/software-design-project/backend/server/helpers.go:14.15,16.3 1 0
github.com/nikolaarden2000/software-design-project/backend/server/helpers.go:18.2,19.29 2 0
github.com/nikolaarden2000/software-design-project/backend/server/helpers.go:19.29,21.3 1 0
github.com/nikolaarden2000/software-design-project/backend/server/helpers.go:23.2,23.14 1 0
github.com/nikolaarden2000/software-design-project/backend/server/helpers.go:26.98,30.27 3 0
github.com/nikolaarden2000/software-design-project/backend/server/helpers.go:30.27,33.3 2 0
github.com/nikolaarden2000/software-design-project/backend/server/helpers.go:35.2,35.17 1 0
github.com/nikolaarden2000/software-design-project/backend/server/helpers.go:38.104,40.15 2 0
github.com/nikolaarden2000/software-design-project/backend/server/helpers.go:40.15,42.3 1 0
github.com/nikolaarden2000/software-design-project/backend/server/helpers.go:44.2,45.30 2 0
github.com/nikolaarden2000/software-design-project/backend/server/helpers.go:45.30,48.3 2 0
github.com/nikolaarden2000/software-design-project/backend/server/helpers.go:50.2,50.21 1 0
github.com/nikolaarden2000/software-design-project/backend/server/helpers.go:53.64,55.15 2 0
github.com/nikolaarden2000/software-design-project/backend/server/helpers.go:55.15,57.3 1 0
github.com/nikolaarden2000/software-design-project/backend/server/helpers.go:59.2,59.13 1 0
github.com/nikolaarden2000/software-design-project/backend/server/helpers.go:62.89,64.31 2 0
github.com/nikolaarden2000/software-design-project/backend/server/helpers.go:64.31,67.3 2 0
github.com/nikolaarden2000/software-design-project/backend/server/helpers.go:69.2,69.26 1 0
github.com/nikolaarden2000/software-design-project/backend/server/http.go:40.39,47.2 1 0
github.com/nikolaarden2000/software-design-project/backend/server/http.go:49.74,51.61 2 0
github.com/nikolaarden2000/software-design-project/backend/server/http.go:51.61,54.3 2 0
github.com/nikolaarden2000/software-design-project/backend/server/http.go:56.2,57.16 2 0
github.com/nikolaarden2000/software-design-project/backend/server/http.go:57.16,58.10 1 0
github.com/nikolaarden2000/software-design-project/backend/server/http.go:59.44,60.146 1 0
github.com/nikolaarden2000/software-design-project/backend/server/http.go:61.46,62.141 1 0
github.com/nikolaarden2000/software-design-project/backend/server/http.go:63.43,64.112 1 0
github.com/nikolaarden2000/software-design-project/backend/server/http.go:65.45,66.99 1 0
github.com/nikolaarden2000/software-design-project/backend/server/http.go:67.49,68.118 1 0
github.com/nikolaarden2000/software-design-project/backend/server/http.go:69.48,70.115 1 0
github.com/nikolaarden2000/software-design-project/backend/server/http.go:71.53,72.147 1 0
github.com/nikolaarden2000/software-design-project/backend/server/http.go:73.11,75.127 2 0
github.com/nikolaarden2000/software-design-project/backend/server/http.go:77.3,77.9 1 0
github.com/nikolaarden2000/software-design-project/backend/server/http.go:80.2,81.16 2 0
github.com/nikolaarden2000/software-design-project/backend/server/http.go:81.16,85.3 3 0
github.com/nikolaarden2000/software-design-project/backend/server/http.go:87.2,89.4 1 0
github.com/nikolaarden2000/software-design-project/backend/server/http.go:92.71,94.61 2 0
github.com/nikolaarden2000/software-design-project/backend/server/http.go:94.61,97.3 2 0
github.com/nikolaarden2000/software-design-project/backend/server/http.go:99.2,100.16 2 0
github.com/nikolaarden2000/software-design-project/backend/server/http.go:100.16,101.10 1 0
github.com/nikolaarden2000/software-design-project/backend/server/http.go:102.83,103.119 1 0
github.com/nikolaarden2000/software-design-project/backend/server/http.go:104.43,105.112 1 0
github.com/nikolaarden2000/software-design-project/backend/server/http.go:106.11,108.127 2 0
github.com/nikolaarden2000/software-design-project/backend/server/http.go:110.3,110.9 1 0
github.com/nikolaarden2000/software-design-project/backend/server/http.go:113.2,115.4 1 0
github.com/nikolaarden2000/software-design-project/backend/server/http.go:118.72,121.2 2 0
github.com/nikolaarden2000/software-design-project/backend/server/http.go:123.68,125.21 2 0
github.com/nikolaarden2000/software-design-project/backend/server/http.go:125.21,131.3 2 0
github.com/nikolaarden2000/software-design-project/backend/server/http.go:133.2,136.4 1 0
github.com/nikolaarden2000/software-design-project/backend/server/http.go:139.71,143.16 3 0
github.com/nikolaarden2000/software-design-project/backend/server/http.go:143.16,145.3 1 0
github.com/nikolaarden2000/software-design-project/backend/server/http.go:147.2,148.17 2 0
github.com/nikolaarden2000/software-design-project/backend/server/http.go:148.17,150.3 1 0
github.com/nikolaarden2000/software-design-project/backend/server/http.go:152.2,155.16 3 0
github.com/nikolaarden2000/software-design-project/backend/server/http.go:155.16,156.10 1 0
github.com/nikolaarden2000/software-design-project/backend/server/http.go:157.40,158.105 1 0
github.com/nikolaarden2000/software-design-project/backend/server/http.go:159.46,160.99 1 0
github.com/nikolaarden2000/software-design-project/backend/server/http.go:161.11,163.127 2 0
github.com/nikolaarden2000/software-design-project/backend/server/http.go:165.3,165.9 1 0
github.com/nikolaarden2000/software-design-project/backend/server/http.go:168.2,170.20 3 0
github.com/nikolaarden2000/software-design-project/backend/server/http.go:170.20,172.3 1 0
github.com/nikolaarden2000/software-design-project/backend/server/http.go:174.2,181.4 1 0
github.com/nikolaarden2000/software-design-project/backend/server/http.go:184.77,186.16 2 0
github.com/nikolaarden2000/software-design-project/backend/server/http.go:186.16,188.3 1 0
github.com/nikolaarden2000/software-design-project/backend/server/http.go:190.2,191.16 2 0
github.com/nikolaarden2000/software-design-project/backend/server/http.go:191.16,195.3 3 0
github.com/nikolaarden2000/software-design-project/backend/server/http.go:197.2,200.4 1 0
github.com/nikolaarden2000/software-design-project/backend/server/http.go:203.77,205.9 2 0
github.com/nikolaarden2000/software-design-project/backend/server/http.go:205.9,207.3 1 0
github.com/nikolaarden2000/software-design-project/backend/server/http.go:209.2,210.16 2 0
github.com/nikolaarden2000/software-design-project/backend/server/http.go:210.16,211.10 1 0
github.com/nikolaarden2000/software-design-project/backend/server/http.go:212.39,213.102 1 0
github.com/nikolaarden2000/software-design-project/backend/server/http.go:214.40,215.113 1 0
github.com/nikolaarden2000/software-design-project/backend/server/http.go:216.11,218.127 2 0
github.com/nikolaarden2000/software-design-project/backend/server/http.go:220.3,220.9 1 0
github.com/nikolaarden2000/software-design-project/backend/server/http.go:223.2,223.43 1 0
github.com/nikolaarden2000/software-design-project/backend/server/http.go:226.82,228.9 2 0
github.com/nikolaarden2000/software-design-project/backend/server/http.go:228.9,230.3 1 0
github.com/nikolaarden2000/software-design-project/backend/server/http.go:232.2,233.15 2 0
github.com/nikolaarden2000/software-design-project/backend/server/http.go:233.15,235.3 1 0
github.com/nikolaarden2000/software-design-project/backend/server/http.go:237.2,238.16 2 0
github.com/nikolaarden2000/software-design-project/backend/server/http.go:238.16,239.10 1 0
github.com/nikolaarden2000/software-design-project/backend/server/http.go:240.39,241.102 1 0
github.com/nikolaarden2000/software-design-project/backend/server/http.go:242.40,243.113 1 0
github.com/nikolaarden2000/software-design-project/backend/server/http.go:244.11,246.127 2 0
github.com/nikolaarden2000/software-design-project/backend/server/http.go:248.3,248.9 1 0
github.com/nikolaarden2000/software-design-project/backend/server/http.go:251.2,254.4 1 0
github.com/nikolaarden2000/software-design-project/backend/server/http.go:257.73,259.21 2 0
github.com/nikolaarden2000/software-design-project/backend/server/http.go:259.21,262.3 2 0
github.com/nikolaarden2000/software-design-project/backend/server/http.go:264.2,267.61 3 0
github.com/nikolaarden2000/software-design-project/backend/server/http.go:267.61,270.3 2 0
github.com/nikolaarden2000/software-design-project/backend/server/http.go:272.2,273.16 2 0
github.com/nikolaarden2000/software-design-project/backend/server/http.go:273.16,274.10 1 0
github.com/nikolaarden2000/software-design-project/backend/server/http.go:275.39,276.132 1 0
github.com/nikolaarden2000/software-design-project/backend/server/http.go:277.40,278.140 1 0
github.com/nikolaarden2000/software-design-project/backend/server/http.go:279.46,280.150 1 0
github.com/nikolaarden2000/software-design-project/backend/server/http.go:281.50,282.126 1 0
github.com/nikolaarden2000/software-design-project/backend/server/http.go:283.39,284.102 1 0
github.com/nikolaarden2000/software-design-project/backend/server/http.go:285.11,287.127 2 0
github.com/nikolaarden2000/software-design-project/backend/server/http.go:289.3,289.9 1 0
github.com/nikolaarden2000/software-design-project/backend/server/http.go:292.2,298.4 1 0
github.com/nikolaarden2000/software-design-project/backend/server/http.go:301.76,303.21 2 0
github.com/nikolaarden2000/software-design-project/backend/server/http.go:303.21,306.3 2 0
github.com/nikolaarden2000/software-design-project/backend/server/http.go:308.2,311.16 3 0
github.com/nikolaarden2000/software-design-project/backend/server/http.go:311.16,315.3 3 0
github.com/nikolaarden2000/software-design-project/backend/server/http.go:317.2,319.4 1 0
github.com/nikolaarden2000/software-design-project/backend/server/http.go:322.79,324.21 2 0
github.com/nikolaarden2000/software-design-project/backend/server/http.go:324.21,327.3 2 0
github.com/nikolaarden2000/software-design-project/backend/server/http.go:329.2,332.9 3 0
github.com/nikolaarden2000/software-design-project/backend/server/http.go:332.9,334.3 1 0
github.com/nikolaarden2000/software-design-project/backend/server/http.go:336.2,337.16 2 0
github.com/nikolaarden2000/software-design-project/backend/server/http.go:337.16,338.10 1 0
github.com/nikolaarden2000/software-design-project/backend/server/http.go:339.39,340.115 1 0
github.com/nikolaarden2000/software-design-project/backend/server/http.go:341.39,342.166 1 0
github.com/nikolaarden2000/software-design-project/backend/server/http.go:343.40,344.126 1 0
github.com/nikolaarden2000/software-design-project/backend/server/http.go:345.11,347.127 2 0
github.com/nikolaarden2000/software-design-project/backend/server/http.go:349.3,349.9 1 0
github.com/nikolaarden2000/software-design-project/backend/server/http.go:352.2,355.4 1 0
github.com/nikolaarden2000/software-design-project/backend/server/server.go:87.11,96.2 1 0
github.com/nikolaarden2000/software-design-project/backend/server/superuser_http.go:44.79,46.16 2 0
github.com/nikolaarden2000/software-design-project/backend/server/superuser_http.go:46.16,50.3 3 0
github.com/nikolaarden2000/software-design-project/backend/server/superuser_http.go:52.2,54.4 1 0
github.com/nikolaarden2000/software-design-project/backend/server/superuser_http.go:57.79,59.61 2 0
github.com/nikolaarden2000/software-design-project/backend/server/superuser_http.go:59.61,62.3 2 0
github.com/nikolaarden2000/software-design-project/backend/server/superuser_http.go:64.2,65.16 2 0
github.com/nikolaarden2000/software-design-project/backend/server/superuser_http.go:65.16,66.10 1 0
github.com/nikolaarden2000/software-design-project/backend/server/superuser_http.go:67.46,68.127 1 0
github.com/nikolaarden2000/software-design-project/backend/server/superuser_http.go:69.39,70.153 1 0
github.com/nikolaarden2000/software-design-project/backend/server/superuser_http.go:71.11,73.127 2 0
github.com/nikolaarden2000/software-design-project/backend/server/superuser_http.go:75.3,75.9 1 0
github.com/nikolaarden2000/software-design-project/backend/server/superuser_http.go:78.2,78.51 1 0
github.com/nikolaarden2000/software-design-project/backend/server/superuser_http.go:81.79,83.9 2 0
github.com/nikolaarden2000/software-design-project/backend/server/superuser_http.go:83.9,85.3 1 0
github.com/nikolaarden2000/software-design-project/backend/server/superuser_http.go:87.2,90.16 3 0
github.com/nikolaarden2000/software-design-project/backend/server/superuser_http.go:90.16,94.3 3 0
github.com/nikolaarden2000/software-design-project/backend/server/superuser_http.go:96.2,98.4 1 0
github.com/nikolaarden2000/software-design-project/backend/server/superuser_http.go:101.80,103.61 2 0
github.com/nikolaarden2000/software-design-project/backend/server/superuser_http.go:103.61,106.3 2 0
github.com/nikolaarden2000/software-design-project/backend/server/superuser_http.go:108.2,109.16 2 0
github.com/nikolaarden2000/software-design-project/backend/server/superuser_http.go:109.16,110.10 1 0
github.com/nikolaarden2000/software-design-project/backend/server/superuser_http.go:111.40,112.106 1 0
github.com/nikolaarden2000/software-design-project/backend/server/superuser_http.go:113.11,115.127 2 0
github.com/nikolaarden2000/software-design-project/backend/server/superuser_http.go:117.3,117.9 1 0
github.com/nikolaarden2000/software-design-project/backend/server/superuser_http.go:120.2,120.13 1 0
github.com/nikolaarden2000/software-design-project/backend/server/superuser_http.go:120.13,123.3 2 0
github.com/nikolaarden2000/software-design-project/backend/server/superuser_http.go:125.2,134.16 2 0
github.com/nikolaarden2000/software-design-project/backend/server/superuser_http.go:134.16,135.10 1 0
github.com/nikolaarden2000/software-design-project/backend/server/superuser_http.go:136.79,137.123 1 0
github.com/nikolaarden2000/software-design-project/backend/server/superuser_http.go:138.11,140.127 2 0
github.com/nikolaarden2000/software-design-project/backend/server/superuser_http.go:142.3,142.9 1 0
github.com/nikolaarden2000/software-design-project/backend/server/superuser_http.go:145.2,145.52 1 0
github.com/nikolaarden2000/software-design-project/backend/server/superuser_http.go:148.76,150.16 2 0
github.com/nikolaarden2000/software-design-project/backend/server/superuser_http.go:150.16,154.3 3 0
github.com/nikolaarden2000/software-design-project/backend/server/superuser_http.go:156.2,158.4 1 0
github.com/nikolaarden2000/software-design-project/backend/server/superuser_http.go:161.77,163.61 2 0
github.com/nikolaarden2000/software-design-project/backend/server/superuser_http.go:163.61,166.3 2 0
github.com/nikolaarden2000/software-design-project/backend/server/superuser_http.go:168.2,175.16 2 0
github.com/nikolaarden2000/software-design-project/backend/server/superuser_http.go:175.16,176.10 1 0
github.com/nikolaarden2000/software-design-project/backend/server/superuser_http.go:177.44,178.146 1 0
github.com/nikolaarden2000/software-design-project/backend/server/superuser_http.go:179.45,180.99 1 0
github.com/nikolaarden2000/software-design-project/backend/server/superuser_http.go:181.82,182.105 1 0
github.com/nikolaarden2000/software-design-project/backend/server/superuser_http.go:183.136,184.109 1 0
github.com/nikolaarden2000/software-design-project/backend/server/superuser_http.go:185.11,187.127 2 0
github.com/nikolaarden2000/software-design-project/backend/server/superuser_http.go:189.3,189.9 1 0
github.com/nikolaarden2000/software-design-project/backend/server/superuser_http.go:192.2,193.16 2 0
github.com/nikolaarden2000/software-design-project/backend/server/superuser_http.go:193.16,197.3 3 0
github.com/nikolaarden2000/software-design-project/backend/server/superuser_http.go:199.2,205.4 1 0
github.com/nikolaarden2000/software-design-project/backend/server/superuser_http.go:208.87,210.9 2 0
github.com/nikolaarden2000/software-design-project/backend/server/superuser_http.go:210.9,212.3 1 0
github.com/nikolaarden2000/software-design-project/backend/server/superuser_http.go:214.2,215.61 2 0
github.com/nikolaarden2000/software-design-project/backend/server/superuser_http.go:215.61,218.3 2 0
github.com/nikolaarden2000/software-design-project/backend/server/superuser_http.go:220.2,220.25 1 0
github.com/nikolaarden2000/software-design-project/backend/server/superuser_http.go:220.25,223.3 2 0
github.com/nikolaarden2000/software-design-project/backend/server/superuser_http.go:225.2,225.95 1 0
github.com/nikolaarden2000/software-design-project/backend/server/superuser_http.go:225.95,226.10 1 0
github.com/nikolaarden2000/software-design-project/backend/server/superuser_http.go:227.39,228.156 1 0
github.com/nikolaarden2000/software-design-project/backend/server/superuser_http.go:229.39,230.137 1 0
github.com/nikolaarden2000/software-design-project/backend/server/superuser_http.go:231.40,232.98 1 0
github.com/nikolaarden2000/software-design-project/backend/server/superuser_http.go:233.11,235.127 2 0
github.com/nikolaarden2000/software-design-project/backend/server/superuser_http.go:237.3,237.9 1 0
github.com/nikolaarden2000/software-design-project/backend/server/superuser_http.go:240.2,243.4 1 0
github.com/nikolaarden2000/software-design-project/backend/server/superuser_http.go:246.95,248.9 2 0
github.com/nikolaarden2000/software-design-project/backend/server/superuser_http.go:248.9,250.3 1 0
github.com/nikolaarden2000/software-design-project/backend/server/superuser_http.go:252.2,253.9 2 0
github.com/nikolaarden2000/software-design-project/backend/server/superuser_http.go:253.9,255.3 1 0
github.com/nikolaarden2000/software-design-project/backend/server/superuser_http.go:257.2,257.99 1 0
github.com/nikolaarden2000/software-design-project/backend/server/superuser_http.go:257.99,258.10 1 0
github.com/nikolaarden2000/software-design-project/backend/server/superuser_http.go:259.39,260.114 1 0
github.com/nikolaarden2000/software-design-project/backend/server/superuser_http.go:261.40,262.98 1 0
github.com/nikolaarden2000/software-design-project/backend/server/superuser_http.go:263.11,265.127 2 0
github.com/nikolaarden2000/software-design-project/backend/server/superuser_http.go:267.3,267.9 1 0
github.com/nikolaarden2000/software-design-project/backend/server/superuser_http.go:270.2,270.49 1 0
github.com/nikolaarden2000/software-design-project/backend/server/superuser_http.go:273.81,275.16 2 0
github.com/nikolaarden2000/software-design-project/backend/server/superuser_http.go:275.16,279.3 3 0
github.com/nikolaarden2000/software-design-project/backend/server/superuser_http.go:281.2,283.4 1 0
github.com/nikolaarden2000/software-design-project/backend/server/superuser_http.go:286.77,288.9 2 0
github.com/nikolaarden2000/software-design-project/backend/server/superuser_http.go:288.9,290.3 1 0
github.com/nikolaarden2000/software-design-project/backend/server/superuser_http.go:292.2,293.16 2 0
github.com/nikolaarden2000/software-design-project/backend/server/superuser_http.go:293.16,296.3 2 0
github.com/nikolaarden2000/software-design-project/backend/server/superuser_http.go:298.2,301.4 1 0
github.com/nikolaarden2000/software-design-project/backend/server/superuser_http.go:304.76,306.9 2 0
github.com/nikolaarden2000/software-design-project/backend/server/superuser_http.go:306.9,308.3 1 0
github.com/nikolaarden2000/software-design-project/backend/server/superuser_http.go:310.2,311.61 2 0
github.com/nikolaarden2000/software-design-project/backend/server/superuser_http.go:311.61,314.3 2 0
github.com/nikolaarden2000/software-design-project/backend/server/superuser_http.go:316.2,317.16 2 0
github.com/nikolaarden2000/software-design-project/backend/server/superuser_http.go:317.16,318.10 1 0
github.com/nikolaarden2000/software-design-project/backend/server/superuser_http.go:319.46,320.121 1 0
github.com/nikolaarden2000/software-design-project/backend/server/superuser_http.go:321.11,322.145 1 0
github.com/nikolaarden2000/software-design-project/backend/server/superuser_http.go:324.3,324.9 1 0
github.com/nikolaarden2000/software-design-project/backend/server/superuser_http.go:327.2,331.4 1 0
github.com/nikolaarden2000/software-design-project/backend/server/superuser_http.go:334.77,336.9 2 0
github.com/nikolaarden2000/software-design-project/backend/server/superuser_http.go:336.9,338.3 1 0
github.com/nikolaarden2000/software-design-project/backend/server/superuser_http.go:340.2,341.16 2 0
github.com/nikolaarden2000/software-design-project/backend/server/superuser_http.go:341.16,344.3 2 0
github.com/nikolaarden2000/software-design-project/backend/server/superuser_http.go:346.2,349.4 1 0
github.com/nikolaarden2000/software-design-project/backend/server/superuser_http.go:352.103,353.9 1 0
github.com/nikolaarden2000/software-design-project/backend/server/superuser_http.go:354.39,355.116 1 0
github.com/nikolaarden2000/software-design-project/backend/server/superuser_http.go:356.38,357.105 1 0
github.com/nikolaarden2000/software-design-project/backend/server/superuser_http.go:358.38,359.76 1 0
github.com/nikolaarden2000/software-design-project/backend/server/superuser_http.go:360.10,362.126 2 0
github.com/nikolaarden2000/software-design-project/backend/locations/repository.go:74.46,76.2 1 1
github.com/nikolaarden2000/software-design-project/backend/locations/repository.go:78.107,80.16 2 1
github.com/nikolaarden2000/software-design-project/backend/locations/repository.go:80.16,82.3 1 1
github.com/nikolaarden2000/software-design-project/backend/locations/repository.go:83.2,87.18 3 1
github.com/nikolaarden2000/software-design-project/backend/locations/repository.go:87.18,99.17 2 1
github.com/nikolaarden2000/software-design-project/backend/locations/repository.go:99.17,101.4 1 1
github.com/nikolaarden2000/software-design-project/backend/locations/repository.go:103.3,103.36 1 1
github.com/nikolaarden2000/software-design-project/backend/locations/repository.go:106.2,106.35 1 1
github.com/nikolaarden2000/software-design-project/backend/locations/repository.go:106.35,108.3 1 0
github.com/nikolaarden2000/software-design-project/backend/locations/repository.go:110.2,110.20 1 1
github.com/nikolaarden2000/software-design-project/backend/locations/repository.go:113.117,114.33 1 1
github.com/nikolaarden2000/software-design-project/backend/locations/repository.go:114.33,116.3 1 1
github.com/nikolaarden2000/software-design-project/backend/locations/repository.go:118.2,119.16 2 1
github.com/nikolaarden2000/software-design-project/backend/locations/repository.go:119.16,121.3 1 1
github.com/nikolaarden2000/software-design-project/backend/locations/repository.go:122.2,126.18 3 1
github.com/nikolaarden2000/software-design-project/backend/locations/repository.go:126.18,139.17 2 1
github.com/nikolaarden2000/software-design-project/backend/locations/repository.go:139.17,141.4 1 1
github.com/nikolaarden2000/software-design-project/backend/locations/repository.go:143.3,143.36 1 1
github.com/nikolaarden2000/software-design-project/backend/locations/repository.go:146.2,146.35 1 1
github.com/nikolaarden2000/software-design-project/backend/locations/repository.go:146.35,148.3 1 0
github.com/nikolaarden2000/software-design-project/backend/locations/repository.go:150.2,150.20 1 1
github.com/nikolaarden2000/software-design-project/backend/locations/repository.go:161.22,162.20 1 1
github.com/nikolaarden2000/software-design-project/backend/locations/repository.go:162.20,164.3 1 1
github.com/nikolaarden2000/software-design-project/backend/locations/repository.go:166.2,170.33 4 1
github.com/nikolaarden2000/software-design-project/backend/locations/repository.go:170.33,172.3 1 1
github.com/nikolaarden2000/software-design-project/backend/locations/repository.go:174.2,174.20 1 1
github.com/nikolaarden2000/software-design-project/backend/locations/repository.go:174.20,176.3 1 1
github.com/nikolaarden2000/software-design-project/backend/locations/repository.go:178.2,192.16 4 1
github.com/nikolaarden2000/software-design-project/backend/locations/repository.go:192.16,194.3 1 1
github.com/nikolaarden2000/software-design-project/backend/locations/repository.go:196.2,197.16 2 1
github.com/nikolaarden2000/software-design-project/backend/locations/repository.go:197.16,199.3 1 1
github.com/nikolaarden2000/software-design-project/backend/locations/repository.go:201.2,201.22 1 1
github.com/nikolaarden2000/software-design-project/backend/locations/repository.go:204.86,205.13 1 1
github.com/nikolaarden2000/software-design-project/backend/locations/repository.go:205.13,207.3 1 1
github.com/nikolaarden2000/software-design-project/backend/locations/repository.go:209.2,223.16 2 1
github.com/nikolaarden2000/software-design-project/backend/locations/repository.go:223.16,225.3 1 1
github.com/nikolaarden2000/software-design-project/backend/locations/repository.go:226.2,228.18 2 1
github.com/nikolaarden2000/software-design-project/backend/locations/repository.go:228.18,230.3 1 1
github.com/nikolaarden2000/software-design-project/backend/locations/repository.go:232.2,242.16 2 1
github.com/nikolaarden2000/software-design-project/backend/locations/repository.go:242.16,244.3 1 1
github.com/nikolaarden2000/software-design-project/backend/locations/repository.go:246.2,246.35 1 1
github.com/nikolaarden2000/software-design-project/backend/locations/repository.go:246.35,248.3 1 0
github.com/nikolaarden2000/software-design-project/backend/locations/repository.go:250.2,250.23 1 1
github.com/nikolaarden2000/software-design-project/backend/locations/repository.go:253.76,254.13 1 1
github.com/nikolaarden2000/software-design-project/backend/locations/repository.go:254.13,256.3 1 1
github.com/nikolaarden2000/software-design-project/backend/locations/repository.go:258.2,260.16 3 1
github.com/nikolaarden2000/software-design-project/backend/locations/repository.go:260.16,261.36 1 1
github.com/nikolaarden2000/software-design-project/backend/locations/repository.go:261.36,263.4 1 0
github.com/nikolaarden2000/software-design-project/backend/locations/repository.go:265.3,265.20 1 1
github.com/nikolaarden2000/software-design-project/backend/locations/repository.go:268.2,268.20 1 1
github.com/nikolaarden2000/software-design-project/backend/locations/repository.go:271.68,275.40 3 1
github.com/nikolaarden2000/software-design-project/backend/locations/repository.go:275.40,277.3 1 1
github.com/nikolaarden2000/software-design-project/backend/locations/repository.go:279.2,280.21 2 1
github.com/nikolaarden2000/software-design-project/backend/locations/repository.go:280.21,282.3 1 1
github.com/nikolaarden2000/software-design-project/backend/locations/repository.go:284.2,284.21 1 1
github.com/nikolaarden2000/software-design-project/backend/locations/repository.go:284.21,286.3 1 1
github.com/nikolaarden2000/software-design-project/backend/locations/repository.go:288.2,291.28 3 1
